mp4_idle_breathe_apose n 240 switches 2 maxdrift 0.38 minHeadCC 0.99205 blue 0
mp4_idle_weight_shift_apose n 240 switches 2 maxdrift 0.333 minHeadCC 0.99362 blue 0
mp4_idle_arm_settle_apose n 240 switches 2 maxdrift 0.395 minHeadCC 0.99289 blue 0
mp4_auto_apose n 240 switches 48 maxdrift 0.655 minHeadCC 0.99714 blue 0
mp4_idle_breathe_tpose n 240 switches 2 maxdrift 0.616 minHeadCC 0.99694 blue 0
mp4_idle_weight_shift_tpose n 240 switches 2 maxdrift 0.489 minHeadCC 0.99671 blue 0
mp4_idle_arm_settle_tpose n 240 switches 2 maxdrift 0.58 minHeadCC 0.99765 blue 0
mp4_auto_tpose n 240 switches 49 maxdrift 0.664 minHeadCC 0.99881 blue 0
mp4_idle_breathe_left n 240 switches 3 maxdrift 0.469 minHeadCC 0.9981 blue 0
mp4_idle_weight_shift_left n 240 switches 3 maxdrift 0.456 minHeadCC 0.9973 blue 0
mp4_idle_arm_settle_left n 240 switches 3 maxdrift 0.388 minHeadCC 0.99739 blue 0
mp4_auto_left n 240 switches 50 maxdrift 1.286 minHeadCC 0.99826 blue 0
mp4_idle_breathe_right n 240 switches 2 maxdrift 0.608 minHeadCC 0.99761 blue 0
mp4_idle_weight_shift_right n 240 switches 2 maxdrift 0.641 minHeadCC 0.99745 blue 0
mp4_idle_arm_settle_right n 240 switches 2 maxdrift 0.644 minHeadCC 0.99746 blue 0
mp4_auto_right n 240 switches 50 maxdrift 0.757 minHeadCC 0.99729 blue 0
png_idle_breathe_apose n 240 switches 2 maxdrift 0.393 minHeadCC 0.9925 blue 0
png_idle_weight_shift_apose n 240 switches 2 maxdrift 0.312 minHeadCC 0.99327 blue 0
png_idle_arm_settle_apose n 240 switches 2 maxdrift 0.371 minHeadCC 0.99345 blue 0
png_auto_apose n 240 switches 48 maxdrift 0.502 minHeadCC 0.99758 blue 0
png_idle_breathe_tpose n 240 switches 2 maxdrift 0.428 minHeadCC 0.99775 blue 0
png_idle_weight_shift_tpose n 240 switches 2 maxdrift 0.44 minHeadCC 0.99769 blue 0
png_idle_arm_settle_tpose n 240 switches 2 maxdrift 0.462 minHeadCC 0.99859 blue 0
png_auto_tpose n 240 switches 48 maxdrift 0.539 minHeadCC 0.99937 blue 0
png_idle_breathe_left n 240 switches 3 maxdrift 0.492 minHeadCC 0.99866 blue 0
png_idle_weight_shift_left n 240 switches 3 maxdrift 0.469 minHeadCC 0.99891 blue 0
png_idle_arm_settle_left n 240 switches 3 maxdrift 0.436 minHeadCC 0.99884 blue 0
png_auto_left n 240 switches 49 maxdrift 1.075 minHeadCC 0.99894 blue 0
png_idle_breathe_right n 240 switches 2 maxdrift 0.563 minHeadCC 0.99853 blue 0
png_idle_weight_shift_right n 240 switches 2 maxdrift 0.543 minHeadCC 0.99871 blue 0
png_idle_arm_settle_right n 240 switches 2 maxdrift 0.574 minHeadCC 0.99831 blue 0
png_auto_right n 240 switches 50 maxdrift 0.75 minHeadCC 0.99874 blue 0
ALLDONE
