('Fist', 0, 0.0, [('L_Thumb1', 0), ('R_Thumb1', 0)])
('Fist', 0.25, 0.0, [('L_Thumb1', 0), ('R_Thumb1', 0)])
('Fist', 0.5, 0.0, [('L_Thumb1', 0), ('R_Thumb1', 0)])
('Fist', 0.75, 0.0, [('L_Thumb1', 0), ('R_Thumb1', 0)])
('Fist', 1.0, 0.0, [('L_Thumb1', 0), ('R_Thumb1', 0)])
('Point', 0, 0.0, [('L_Thumb1', 0), ('R_Thumb1', 0)])
('Point', 0.25, 0.0, [('L_Thumb1', 0), ('R_Thumb1', 0)])
('Point', 0.5, 0.0, [('L_Thumb1', 0), ('R_Thumb1', 0)])
('Point', 0.75, 0.0, [('L_Thumb1', 0), ('R_Thumb1', 0)])
('Point', 1.0, 0.0, [('L_Thumb1', 0), ('R_Thumb1', 0)])
('Peace', 0, 0.0, [('L_Thumb1', 0), ('R_Thumb1', 0)])
('Peace', 0.25, 0.0, [('L_Thumb1', 0), ('R_Thumb1', 0)])
('Peace', 0.5, 0.0, [('L_Thumb1', 0), ('R_Thumb1', 0)])
('Peace', 0.75, 0.0, [('L_Thumb1', 0), ('R_Thumb1', 0)])
('Peace', 1.0, 0.0, [('L_Thumb1', 0), ('R_Thumb1', 0)])
('Half', 0, 0.0, [('L_Thumb1', 0), ('R_Thumb1', 0)])
('Half', 0.25, 0.0, [('L_Thumb1', 0), ('R_Thumb1', 0)])
('Half', 0.5, 0.0, [('L_Thumb1', 0), ('R_Thumb1', 0)])
('Half', 0.75, 0.0, [('L_Thumb1', 0), ('R_Thumb1', 0)])
('Half', 1.0, 0.0, [('L_Thumb1', 0), ('R_Thumb1', 0)])
