STATUS: PASS: rest vs base.png, 0 px differ (back, skin mesh) | layers: hair=v1.2, body=v1.2, hands=v1.2 | mouth shapes: 
warn: [] skin loaded: True useSkin: True
rest seam band (cleared, light, bluish): {'L': (8, 0, 0), 'R': (6, 0, 0)}
rest rest {'L': {'cleared': 0, 'light': 0, 'blue': 0, 'strip_vs_rigid': '0/1202 (mean 0.0)', 'forearm_vs_rigid': '0/745 (mean 0.0)', 'ok': 'PASS'}, 'R': {'cleared': 0, 'light': 0, 'blue': 0, 'strip_vs_rigid': '0/1195 (mean 0.0)', 'forearm_vs_rigid': '0/747 (mean 0.0)', 'ok': 'PASS'}}
rest Fist {'L': {'cleared': 0, 'light': 0, 'blue': 0, 'strip_vs_rigid': '0/1202 (mean 0.0)', 'forearm_vs_rigid': '0/745 (mean 0.0)', 'ok': 'PASS'}, 'R': {'cleared': 0, 'light': 0, 'blue': 0, 'strip_vs_rigid': '0/1195 (mean 0.0)', 'forearm_vs_rigid': '0/747 (mean 0.0)', 'ok': 'PASS'}}
rest Point {'L': {'cleared': 0, 'light': 0, 'blue': 0, 'strip_vs_rigid': '0/1202 (mean 0.0)', 'forearm_vs_rigid': '0/745 (mean 0.0)', 'ok': 'PASS'}, 'R': {'cleared': 0, 'light': 0, 'blue': 0, 'strip_vs_rigid': '0/1195 (mean 0.0)', 'forearm_vs_rigid': '0/747 (mean 0.0)', 'ok': 'PASS'}}
rest Peace {'L': {'cleared': 0, 'light': 0, 'blue': 0, 'strip_vs_rigid': '0/1202 (mean 0.0)', 'forearm_vs_rigid': '0/745 (mean 0.0)', 'ok': 'PASS'}, 'R': {'cleared': 0, 'light': 0, 'blue': 0, 'strip_vs_rigid': '0/1195 (mean 0.0)', 'forearm_vs_rigid': '0/747 (mean 0.0)', 'ok': 'PASS'}}
Shoulder+25 rest {'L': {'cleared': 0, 'light': 0, 'blue': 0, 'strip_vs_rigid': '0/1202 (mean 0.8)', 'forearm_vs_rigid': '0/745 (mean 0.8)', 'ok': 'PASS'}, 'R': {'cleared': 0, 'light': 0, 'blue': 0, 'strip_vs_rigid': '0/1195 (mean 0.7)', 'forearm_vs_rigid': '0/747 (mean 0.9)', 'ok': 'PASS'}}
Shoulder+25 Fist {'L': {'cleared': 0, 'light': 0, 'blue': 0, 'strip_vs_rigid': '0/1202 (mean 0.8)', 'forearm_vs_rigid': '0/745 (mean 0.8)', 'ok': 'PASS'}, 'R': {'cleared': 0, 'light': 0, 'blue': 0, 'strip_vs_rigid': '0/1195 (mean 0.7)', 'forearm_vs_rigid': '0/747 (mean 0.9)', 'ok': 'PASS'}}
Shoulder+25 Point {'L': {'cleared': 0, 'light': 0, 'blue': 0, 'strip_vs_rigid': '0/1202 (mean 0.8)', 'forearm_vs_rigid': '0/745 (mean 0.8)', 'ok': 'PASS'}, 'R': {'cleared': 0, 'light': 0, 'blue': 0, 'strip_vs_rigid': '0/1195 (mean 0.7)', 'forearm_vs_rigid': '0/747 (mean 0.9)', 'ok': 'PASS'}}
Shoulder+25 Peace {'L': {'cleared': 0, 'light': 0, 'blue': 0, 'strip_vs_rigid': '0/1202 (mean 0.8)', 'forearm_vs_rigid': '0/745 (mean 0.8)', 'ok': 'PASS'}, 'R': {'cleared': 0, 'light': 0, 'blue': 0, 'strip_vs_rigid': '0/1195 (mean 0.7)', 'forearm_vs_rigid': '0/747 (mean 0.9)', 'ok': 'PASS'}}
Shoulder-25 rest {'L': {'cleared': 0, 'light': 0, 'blue': 0, 'strip_vs_rigid': '0/1202 (mean 0.7)', 'forearm_vs_rigid': '0/745 (mean 0.8)', 'ok': 'PASS'}, 'R': {'cleared': 0, 'light': 0, 'blue': 0, 'strip_vs_rigid': '0/1195 (mean 0.7)', 'forearm_vs_rigid': '0/747 (mean 0.9)', 'ok': 'PASS'}}
Shoulder-25 Fist {'L': {'cleared': 0, 'light': 0, 'blue': 0, 'strip_vs_rigid': '0/1202 (mean 0.7)', 'forearm_vs_rigid': '0/745 (mean 0.8)', 'ok': 'PASS'}, 'R': {'cleared': 0, 'light': 0, 'blue': 0, 'strip_vs_rigid': '0/1195 (mean 0.7)', 'forearm_vs_rigid': '0/747 (mean 0.9)', 'ok': 'PASS'}}
Shoulder-25 Point {'L': {'cleared': 0, 'light': 0, 'blue': 0, 'strip_vs_rigid': '0/1202 (mean 0.7)', 'forearm_vs_rigid': '0/745 (mean 0.8)', 'ok': 'PASS'}, 'R': {'cleared': 0, 'light': 0, 'blue': 0, 'strip_vs_rigid': '0/1195 (mean 0.7)', 'forearm_vs_rigid': '0/747 (mean 0.9)', 'ok': 'PASS'}}
Shoulder-25 Peace {'L': {'cleared': 0, 'light': 0, 'blue': 0, 'strip_vs_rigid': '0/1202 (mean 0.7)', 'forearm_vs_rigid': '0/745 (mean 0.8)', 'ok': 'PASS'}, 'R': {'cleared': 0, 'light': 0, 'blue': 0, 'strip_vs_rigid': '0/1195 (mean 0.7)', 'forearm_vs_rigid': '0/747 (mean 0.9)', 'ok': 'PASS'}}
Elbow+25 rest {'L': {'cleared': 0, 'light': 0, 'blue': 0, 'strip_vs_rigid': '0/1202 (mean 0.7)', 'forearm_vs_rigid': '0/745 (mean 0.9)', 'ok': 'PASS'}, 'R': {'cleared': 0, 'light': 0, 'blue': 0, 'strip_vs_rigid': '0/1195 (mean 0.7)', 'forearm_vs_rigid': '0/747 (mean 0.9)', 'ok': 'PASS'}}
Elbow+25 Fist {'L': {'cleared': 0, 'light': 0, 'blue': 0, 'strip_vs_rigid': '0/1202 (mean 0.7)', 'forearm_vs_rigid': '0/745 (mean 0.9)', 'ok': 'PASS'}, 'R': {'cleared': 0, 'light': 0, 'blue': 0, 'strip_vs_rigid': '0/1195 (mean 0.7)', 'forearm_vs_rigid': '0/747 (mean 0.9)', 'ok': 'PASS'}}
Elbow+25 Point {'L': {'cleared': 0, 'light': 0, 'blue': 0, 'strip_vs_rigid': '0/1202 (mean 0.7)', 'forearm_vs_rigid': '0/745 (mean 0.9)', 'ok': 'PASS'}, 'R': {'cleared': 0, 'light': 0, 'blue': 0, 'strip_vs_rigid': '0/1195 (mean 0.7)', 'forearm_vs_rigid': '0/747 (mean 0.9)', 'ok': 'PASS'}}
Elbow+25 Peace {'L': {'cleared': 0, 'light': 0, 'blue': 0, 'strip_vs_rigid': '0/1202 (mean 0.7)', 'forearm_vs_rigid': '0/745 (mean 0.9)', 'ok': 'PASS'}, 'R': {'cleared': 0, 'light': 0, 'blue': 0, 'strip_vs_rigid': '0/1195 (mean 0.7)', 'forearm_vs_rigid': '0/747 (mean 0.9)', 'ok': 'PASS'}}
Elbow-25 rest {'L': {'cleared': 0, 'light': 0, 'blue': 0, 'strip_vs_rigid': '0/1202 (mean 0.7)', 'forearm_vs_rigid': '0/745 (mean 0.8)', 'ok': 'PASS'}, 'R': {'cleared': 0, 'light': 0, 'blue': 0, 'strip_vs_rigid': '0/1195 (mean 0.7)', 'forearm_vs_rigid': '0/747 (mean 0.8)', 'ok': 'PASS'}}
Elbow-25 Fist {'L': {'cleared': 0, 'light': 0, 'blue': 0, 'strip_vs_rigid': '0/1202 (mean 0.7)', 'forearm_vs_rigid': '0/745 (mean 0.8)', 'ok': 'PASS'}, 'R': {'cleared': 0, 'light': 0, 'blue': 0, 'strip_vs_rigid': '0/1195 (mean 0.7)', 'forearm_vs_rigid': '0/747 (mean 0.8)', 'ok': 'PASS'}}
Elbow-25 Point {'L': {'cleared': 0, 'light': 0, 'blue': 0, 'strip_vs_rigid': '0/1202 (mean 0.7)', 'forearm_vs_rigid': '0/745 (mean 0.8)', 'ok': 'PASS'}, 'R': {'cleared': 0, 'light': 0, 'blue': 0, 'strip_vs_rigid': '0/1195 (mean 0.7)', 'forearm_vs_rigid': '0/747 (mean 0.8)', 'ok': 'PASS'}}
Elbow-25 Peace {'L': {'cleared': 0, 'light': 0, 'blue': 0, 'strip_vs_rigid': '0/1202 (mean 0.7)', 'forearm_vs_rigid': '0/745 (mean 0.8)', 'ok': 'PASS'}, 'R': {'cleared': 0, 'light': 0, 'blue': 0, 'strip_vs_rigid': '0/1195 (mean 0.7)', 'forearm_vs_rigid': '0/747 (mean 0.8)', 'ok': 'PASS'}}
Sh+El+25 rest {'L': {'cleared': 0, 'light': 0, 'blue': 0, 'strip_vs_rigid': '0/1202 (mean 0.8)', 'forearm_vs_rigid': '0/745 (mean 0.9)', 'ok': 'PASS'}, 'R': {'cleared': 0, 'light': 0, 'blue': 0, 'strip_vs_rigid': '0/1195 (mean 0.7)', 'forearm_vs_rigid': '0/747 (mean 0.9)', 'ok': 'PASS'}}
Sh+El+25 Fist {'L': {'cleared': 0, 'light': 0, 'blue': 0, 'strip_vs_rigid': '0/1202 (mean 0.8)', 'forearm_vs_rigid': '0/745 (mean 0.9)', 'ok': 'PASS'}, 'R': {'cleared': 0, 'light': 0, 'blue': 0, 'strip_vs_rigid': '0/1195 (mean 0.7)', 'forearm_vs_rigid': '0/747 (mean 0.9)', 'ok': 'PASS'}}
Sh+El+25 Point {'L': {'cleared': 0, 'light': 0, 'blue': 0, 'strip_vs_rigid': '0/1202 (mean 0.8)', 'forearm_vs_rigid': '0/745 (mean 0.9)', 'ok': 'PASS'}, 'R': {'cleared': 0, 'light': 0, 'blue': 0, 'strip_vs_rigid': '0/1195 (mean 0.7)', 'forearm_vs_rigid': '0/747 (mean 0.9)', 'ok': 'PASS'}}
Sh+El+25 Peace {'L': {'cleared': 0, 'light': 0, 'blue': 0, 'strip_vs_rigid': '0/1202 (mean 0.8)', 'forearm_vs_rigid': '0/745 (mean 0.9)', 'ok': 'PASS'}, 'R': {'cleared': 0, 'light': 0, 'blue': 0, 'strip_vs_rigid': '0/1195 (mean 0.7)', 'forearm_vs_rigid': '0/747 (mean 0.9)', 'ok': 'PASS'}}
Sh+El-25 rest {'L': {'cleared': 0, 'light': 0, 'blue': 0, 'strip_vs_rigid': '0/1202 (mean 0.7)', 'forearm_vs_rigid': '0/745 (mean 0.8)', 'ok': 'PASS'}, 'R': {'cleared': 0, 'light': 0, 'blue': 0, 'strip_vs_rigid': '0/1195 (mean 0.7)', 'forearm_vs_rigid': '0/747 (mean 0.8)', 'ok': 'PASS'}}
Sh+El-25 Fist {'L': {'cleared': 0, 'light': 0, 'blue': 0, 'strip_vs_rigid': '0/1202 (mean 0.7)', 'forearm_vs_rigid': '0/745 (mean 0.8)', 'ok': 'PASS'}, 'R': {'cleared': 0, 'light': 0, 'blue': 0, 'strip_vs_rigid': '0/1195 (mean 0.7)', 'forearm_vs_rigid': '0/747 (mean 0.8)', 'ok': 'PASS'}}
Sh+El-25 Point {'L': {'cleared': 0, 'light': 0, 'blue': 0, 'strip_vs_rigid': '0/1202 (mean 0.7)', 'forearm_vs_rigid': '0/745 (mean 0.8)', 'ok': 'PASS'}, 'R': {'cleared': 0, 'light': 0, 'blue': 0, 'strip_vs_rigid': '0/1195 (mean 0.7)', 'forearm_vs_rigid': '0/747 (mean 0.8)', 'ok': 'PASS'}}
Sh+El-25 Peace {'L': {'cleared': 0, 'light': 0, 'blue': 0, 'strip_vs_rigid': '0/1202 (mean 0.7)', 'forearm_vs_rigid': '0/745 (mean 0.8)', 'ok': 'PASS'}, 'R': {'cleared': 0, 'light': 0, 'blue': 0, 'strip_vs_rigid': '0/1195 (mean 0.7)', 'forearm_vs_rigid': '0/747 (mean 0.8)', 'ok': 'PASS'}}
ALLPASS True
console: ['[.WebGL-0x1de40016f000]GL Driver Message (OpenGL, Performance, GL_CLOSE_PATH_NV, High): GPU stall due to ReadPixels', '[.WebGL-0x1de40016f000]GL Driver Message (OpenGL, Performance, GL_CLOSE_PATH_NV, High): GPU stall due to ReadPixels', '[.WebGL-0x1de40016f000]GL Driver Message (OpenGL, Performance, GL_CLOSE_PATH_NV, High): GPU stall due to ReadPixels', '[.WebGL-0x1de40016f000]GL Driver Message (OpenGL, Performance, GL_CLOSE_PATH_NV, High): GPU stall due to ReadPixels (this message will no longer repeat)']
