STATUS: PASS: rest vs base.png, 0 px differ (tpose, skin mesh) | layers: hair=v1.2, body=v1.2, hands=v1.2, eyes=v1.2, mouth=v1.2 | mouth shapes: rest, M, smile, OH_half, AA_half, EE_half, OH, AA, EE
warn: [] skin loaded: True useSkin: True
rest seam band (cleared, light, bluish): {'L': (87, 0, 0), 'R': (80, 0, 0)}
rest rest {'L': {'cleared': 0, 'light': 0, 'blue': 0, 'strip_vs_rigid': '0/761 (mean 0.1)', 'forearm_vs_rigid': '0/513 (mean 0.1)', 'ok': 'PASS'}, 'R': {'cleared': 0, 'light': 0, 'blue': 0, 'strip_vs_rigid': '0/787 (mean 0.0)', 'forearm_vs_rigid': '0/522 (mean 0.0)', 'ok': 'PASS'}}
rest Fist {'L': {'cleared': 0, 'light': 0, 'blue': 0, 'strip_vs_rigid': '0/761 (mean 0.1)', 'forearm_vs_rigid': '0/513 (mean 0.1)', 'ok': 'PASS'}, 'R': {'cleared': 0, 'light': 0, 'blue': 0, 'strip_vs_rigid': '0/787 (mean 0.0)', 'forearm_vs_rigid': '0/522 (mean 0.0)', 'ok': 'PASS'}}
rest Point {'L': {'cleared': 0, 'light': 0, 'blue': 0, 'strip_vs_rigid': '0/761 (mean 0.1)', 'forearm_vs_rigid': '0/513 (mean 0.1)', 'ok': 'PASS'}, 'R': {'cleared': 0, 'light': 0, 'blue': 0, 'strip_vs_rigid': '0/787 (mean 0.0)', 'forearm_vs_rigid': '0/522 (mean 0.0)', 'ok': 'PASS'}}
rest Peace {'L': {'cleared': 0, 'light': 0, 'blue': 0, 'strip_vs_rigid': '0/761 (mean 0.1)', 'forearm_vs_rigid': '0/513 (mean 0.1)', 'ok': 'PASS'}, 'R': {'cleared': 0, 'light': 0, 'blue': 0, 'strip_vs_rigid': '0/787 (mean 0.0)', 'forearm_vs_rigid': '0/522 (mean 0.0)', 'ok': 'PASS'}}
Shoulder+25 rest {'L': {'cleared': 4, 'light': 0, 'blue': 0, 'strip_vs_rigid': '4/761 (mean 1.2)', 'forearm_vs_rigid': '0/513 (mean 0.8)', 'ok': 'FAIL'}, 'R': {'cleared': 4, 'light': 0, 'blue': 0, 'strip_vs_rigid': '4/787 (mean 1.2)', 'forearm_vs_rigid': '0/522 (mean 0.7)', 'ok': 'FAIL'}}
Shoulder+25 Fist {'L': {'cleared': 4, 'light': 0, 'blue': 0, 'strip_vs_rigid': '4/761 (mean 1.2)', 'forearm_vs_rigid': '0/513 (mean 0.8)', 'ok': 'FAIL'}, 'R': {'cleared': 4, 'light': 0, 'blue': 0, 'strip_vs_rigid': '4/787 (mean 1.2)', 'forearm_vs_rigid': '0/522 (mean 0.7)', 'ok': 'FAIL'}}
Shoulder+25 Point {'L': {'cleared': 4, 'light': 0, 'blue': 0, 'strip_vs_rigid': '4/761 (mean 1.2)', 'forearm_vs_rigid': '0/513 (mean 0.8)', 'ok': 'FAIL'}, 'R': {'cleared': 4, 'light': 0, 'blue': 0, 'strip_vs_rigid': '4/787 (mean 1.2)', 'forearm_vs_rigid': '0/522 (mean 0.7)', 'ok': 'FAIL'}}
Shoulder+25 Peace {'L': {'cleared': 4, 'light': 0, 'blue': 0, 'strip_vs_rigid': '4/761 (mean 1.2)', 'forearm_vs_rigid': '0/513 (mean 0.8)', 'ok': 'FAIL'}, 'R': {'cleared': 4, 'light': 0, 'blue': 0, 'strip_vs_rigid': '4/787 (mean 1.2)', 'forearm_vs_rigid': '0/522 (mean 0.7)', 'ok': 'FAIL'}}
Shoulder-25 rest {'L': {'cleared': 2, 'light': 0, 'blue': 0, 'strip_vs_rigid': '0/761 (mean 1.0)', 'forearm_vs_rigid': '0/513 (mean 0.9)', 'ok': 'FAIL'}, 'R': {'cleared': 3, 'light': 0, 'blue': 0, 'strip_vs_rigid': '0/787 (mean 1.0)', 'forearm_vs_rigid': '0/522 (mean 0.8)', 'ok': 'FAIL'}}
Shoulder-25 Fist {'L': {'cleared': 2, 'light': 0, 'blue': 0, 'strip_vs_rigid': '0/761 (mean 1.0)', 'forearm_vs_rigid': '0/513 (mean 0.9)', 'ok': 'FAIL'}, 'R': {'cleared': 3, 'light': 0, 'blue': 0, 'strip_vs_rigid': '0/787 (mean 1.0)', 'forearm_vs_rigid': '0/522 (mean 0.8)', 'ok': 'FAIL'}}
Shoulder-25 Point {'L': {'cleared': 2, 'light': 0, 'blue': 0, 'strip_vs_rigid': '0/761 (mean 1.0)', 'forearm_vs_rigid': '0/513 (mean 0.9)', 'ok': 'FAIL'}, 'R': {'cleared': 3, 'light': 0, 'blue': 0, 'strip_vs_rigid': '0/787 (mean 1.0)', 'forearm_vs_rigid': '0/522 (mean 0.8)', 'ok': 'FAIL'}}
Shoulder-25 Peace {'L': {'cleared': 2, 'light': 0, 'blue': 0, 'strip_vs_rigid': '0/761 (mean 1.0)', 'forearm_vs_rigid': '0/513 (mean 0.9)', 'ok': 'FAIL'}, 'R': {'cleared': 3, 'light': 0, 'blue': 0, 'strip_vs_rigid': '0/787 (mean 1.0)', 'forearm_vs_rigid': '0/522 (mean 0.8)', 'ok': 'FAIL'}}
Elbow+25 rest {'L': {'cleared': 4, 'light': 0, 'blue': 0, 'strip_vs_rigid': '4/761 (mean 1.2)', 'forearm_vs_rigid': '0/513 (mean 0.8)', 'ok': 'FAIL'}, 'R': {'cleared': 0, 'light': 0, 'blue': 0, 'strip_vs_rigid': '0/787 (mean 1.0)', 'forearm_vs_rigid': '0/522 (mean 0.8)', 'ok': 'PASS'}}
Elbow+25 Fist {'L': {'cleared': 4, 'light': 0, 'blue': 0, 'strip_vs_rigid': '4/761 (mean 1.2)', 'forearm_vs_rigid': '0/513 (mean 0.8)', 'ok': 'FAIL'}, 'R': {'cleared': 0, 'light': 0, 'blue': 0, 'strip_vs_rigid': '0/787 (mean 1.0)', 'forearm_vs_rigid': '0/522 (mean 0.8)', 'ok': 'PASS'}}
Elbow+25 Point {'L': {'cleared': 4, 'light': 0, 'blue': 0, 'strip_vs_rigid': '4/761 (mean 1.2)', 'forearm_vs_rigid': '0/513 (mean 0.8)', 'ok': 'FAIL'}, 'R': {'cleared': 0, 'light': 0, 'blue': 0, 'strip_vs_rigid': '0/787 (mean 1.0)', 'forearm_vs_rigid': '0/522 (mean 0.8)', 'ok': 'PASS'}}
Elbow+25 Peace {'L': {'cleared': 4, 'light': 0, 'blue': 0, 'strip_vs_rigid': '4/761 (mean 1.2)', 'forearm_vs_rigid': '0/513 (mean 0.8)', 'ok': 'FAIL'}, 'R': {'cleared': 0, 'light': 0, 'blue': 0, 'strip_vs_rigid': '0/787 (mean 1.0)', 'forearm_vs_rigid': '0/522 (mean 0.8)', 'ok': 'PASS'}}
Elbow-25 rest {'L': {'cleared': 3, 'light': 0, 'blue': 0, 'strip_vs_rigid': '0/761 (mean 1.0)', 'forearm_vs_rigid': '0/513 (mean 0.9)', 'ok': 'FAIL'}, 'R': {'cleared': 0, 'light': 0, 'blue': 0, 'strip_vs_rigid': '0/787 (mean 0.9)', 'forearm_vs_rigid': '0/522 (mean 0.7)', 'ok': 'PASS'}}
Elbow-25 Fist {'L': {'cleared': 3, 'light': 0, 'blue': 0, 'strip_vs_rigid': '0/761 (mean 1.0)', 'forearm_vs_rigid': '0/513 (mean 0.9)', 'ok': 'FAIL'}, 'R': {'cleared': 0, 'light': 0, 'blue': 0, 'strip_vs_rigid': '0/787 (mean 0.9)', 'forearm_vs_rigid': '0/522 (mean 0.7)', 'ok': 'PASS'}}
Elbow-25 Point {'L': {'cleared': 3, 'light': 0, 'blue': 0, 'strip_vs_rigid': '0/761 (mean 1.0)', 'forearm_vs_rigid': '0/513 (mean 0.9)', 'ok': 'FAIL'}, 'R': {'cleared': 0, 'light': 0, 'blue': 0, 'strip_vs_rigid': '0/787 (mean 0.9)', 'forearm_vs_rigid': '0/522 (mean 0.7)', 'ok': 'PASS'}}
Elbow-25 Peace {'L': {'cleared': 3, 'light': 0, 'blue': 0, 'strip_vs_rigid': '0/761 (mean 1.0)', 'forearm_vs_rigid': '0/513 (mean 0.9)', 'ok': 'FAIL'}, 'R': {'cleared': 0, 'light': 0, 'blue': 0, 'strip_vs_rigid': '0/787 (mean 0.9)', 'forearm_vs_rigid': '0/522 (mean 0.7)', 'ok': 'PASS'}}
Sh+El+25 rest {'L': {'cleared': 5, 'light': 0, 'blue': 0, 'strip_vs_rigid': '0/761 (mean 1.2)', 'forearm_vs_rigid': '0/513 (mean 0.9)', 'ok': 'FAIL'}, 'R': {'cleared': 4, 'light': 0, 'blue': 0, 'strip_vs_rigid': '0/787 (mean 1.0)', 'forearm_vs_rigid': '0/522 (mean 0.8)', 'ok': 'FAIL'}}
Sh+El+25 Fist {'L': {'cleared': 5, 'light': 0, 'blue': 0, 'strip_vs_rigid': '0/761 (mean 1.2)', 'forearm_vs_rigid': '0/513 (mean 0.9)', 'ok': 'FAIL'}, 'R': {'cleared': 4, 'light': 0, 'blue': 0, 'strip_vs_rigid': '0/787 (mean 1.0)', 'forearm_vs_rigid': '0/522 (mean 0.8)', 'ok': 'FAIL'}}
Sh+El+25 Point {'L': {'cleared': 5, 'light': 0, 'blue': 0, 'strip_vs_rigid': '0/761 (mean 1.2)', 'forearm_vs_rigid': '0/513 (mean 0.9)', 'ok': 'FAIL'}, 'R': {'cleared': 4, 'light': 0, 'blue': 0, 'strip_vs_rigid': '0/787 (mean 1.0)', 'forearm_vs_rigid': '0/522 (mean 0.8)', 'ok': 'FAIL'}}
Sh+El+25 Peace {'L': {'cleared': 5, 'light': 0, 'blue': 0, 'strip_vs_rigid': '0/761 (mean 1.2)', 'forearm_vs_rigid': '0/513 (mean 0.9)', 'ok': 'FAIL'}, 'R': {'cleared': 4, 'light': 0, 'blue': 0, 'strip_vs_rigid': '0/787 (mean 1.0)', 'forearm_vs_rigid': '0/522 (mean 0.8)', 'ok': 'FAIL'}}
Sh+El-25 rest {'L': {'cleared': 5, 'light': 0, 'blue': 0, 'strip_vs_rigid': '0/761 (mean 1.0)', 'forearm_vs_rigid': '0/513 (mean 0.9)', 'ok': 'FAIL'}, 'R': {'cleared': 0, 'light': 0, 'blue': 0, 'strip_vs_rigid': '0/787 (mean 1.0)', 'forearm_vs_rigid': '0/522 (mean 0.8)', 'ok': 'PASS'}}
Sh+El-25 Fist {'L': {'cleared': 5, 'light': 0, 'blue': 0, 'strip_vs_rigid': '0/761 (mean 1.0)', 'forearm_vs_rigid': '0/513 (mean 0.9)', 'ok': 'FAIL'}, 'R': {'cleared': 0, 'light': 0, 'blue': 0, 'strip_vs_rigid': '0/787 (mean 1.0)', 'forearm_vs_rigid': '0/522 (mean 0.8)', 'ok': 'PASS'}}
Sh+El-25 Point {'L': {'cleared': 5, 'light': 0, 'blue': 0, 'strip_vs_rigid': '0/761 (mean 1.0)', 'forearm_vs_rigid': '0/513 (mean 0.9)', 'ok': 'FAIL'}, 'R': {'cleared': 0, 'light': 0, 'blue': 0, 'strip_vs_rigid': '0/787 (mean 1.0)', 'forearm_vs_rigid': '0/522 (mean 0.8)', 'ok': 'PASS'}}
Sh+El-25 Peace {'L': {'cleared': 5, 'light': 0, 'blue': 0, 'strip_vs_rigid': '0/761 (mean 1.0)', 'forearm_vs_rigid': '0/513 (mean 0.9)', 'ok': 'FAIL'}, 'R': {'cleared': 0, 'light': 0, 'blue': 0, 'strip_vs_rigid': '0/787 (mean 1.0)', 'forearm_vs_rigid': '0/522 (mean 0.8)', 'ok': 'PASS'}}
ALLPASS False
console: ['[.WebGL-0xcbc0013ba00]GL Driver Message (OpenGL, Performance, GL_CLOSE_PATH_NV, High): GPU stall due to ReadPixels', '[.WebGL-0xcbc0013ba00]GL Driver Message (OpenGL, Performance, GL_CLOSE_PATH_NV, High): GPU stall due to ReadPixels', '[.WebGL-0xcbc0013ba00]GL Driver Message (OpenGL, Performance, GL_CLOSE_PATH_NV, High): GPU stall due to ReadPixels', '[.WebGL-0xcbc0013ba00]GL Driver Message (OpenGL, Performance, GL_CLOSE_PATH_NV, High): GPU stall due to ReadPixels (this message will no longer repeat)']
