{('apose', 'L'): {'S': [185.0, 129.0, 86.0], 'L': [13.0, 11.0, 29.0]}, ('apose', 'R'): {'S': [185.0, 128.0, 86.0], 'L': [17.0, 12.0, 30.0]}, ('tpose', 'L'): {'S': [185.0, 127.0, 83.0], 'L': [53.0, 25.0, 15.0]}, ('tpose', 'R'): {'S': [185.0, 127.0, 83.0], 'L': [51.0, 25.5, 25.0]}, ('left', 'L'): {'S': [183.0, 122.0, 77.0], 'L': [43.0, 13.0, 2.0]}, ('right', 'R'): {'S': [181.0, 120.0, 76.0], 'L': [44.0, 12.0, 3.0]}, ('back', 'L'): {'S': [180.0, 120.0, 77.0], 'L': [30.0, 13.0, 55.0]}, ('back', 'R'): {'S': [180.0, 120.0, 77.0], 'L': [36.5, 14.5, 48.0]}}
apose skip_hidden rest diff pixels: 0 max 0
apose draw_hidden rest diff pixels: 0 max 0
   part px outside mask: 0  mask px not covered: 0  blueish px: 0
   (unerased base + parts) diff px: 1214 max 64
tpose skip_hidden rest diff pixels: 0 max 0
tpose draw_hidden rest diff pixels: 0 max 0
   part px outside mask: 0  mask px not covered: 0  blueish px: 0
   (unerased base + parts) diff px: 1962 max 64
left skip_hidden rest diff pixels: 0 max 0
left draw_hidden rest diff pixels: 0 max 0
   part px outside mask: 0  mask px not covered: 0  blueish px: 0
   (unerased base + parts) diff px: 0 max 0
right skip_hidden rest diff pixels: 0 max 0
right draw_hidden rest diff pixels: 0 max 0
   part px outside mask: 0  mask px not covered: 0  blueish px: 0
   (unerased base + parts) diff px: 0 max 0
back skip_hidden rest diff pixels: 0 max 0
back draw_hidden rest diff pixels: 0 max 0
   part px outside mask: 0  mask px not covered: 0  blueish px: 0
   (unerased base + parts) diff px: 3347 max 64
apose base_body differs from base at 25103 px; inside mask 17588 outside mask 7515 | mask px where base_body alpha>0: 0 | rest(base_body+parts) diff px: 7515 max 255
tpose base_body differs from base at 16674 px; inside mask 8603 outside mask 8071 | mask px where base_body alpha>0: 0 | rest(base_body+parts) diff px: 8071 max 255
left base_body differs from base at 19862 px; inside mask 8907 outside mask 10955 | mask px where base_body alpha>0: 8988 | rest(base_body+parts) diff px: 10955 max 255
right base_body differs from base at 20665 px; inside mask 9254 outside mask 11411 | mask px where base_body alpha>0: 9390 | rest(base_body+parts) diff px: 11411 max 255
back base_body differs from base at 28303 px; inside mask 16726 outside mask 11577 | mask px where base_body alpha>0: 0 | rest(base_body+parts) diff px: 11577 max 255
apose done 0
tpose done 0
left done 0
right done 0
back done 0
sheet
../apose_hand_erase_mask.png: OK
../back_hand_erase_mask.png: OK
../left_hand_erase_mask.png: OK
../right_hand_erase_mask.png: OK
../tpose_hand_erase_mask.png: OK
