404: http://127.0.0.1:9102/views/back/mouth/rig.json?t=1790731774893
404: http://127.0.0.1:9102/views/back/body/skin.json?t=1790731777561
STATUS: Not delivered yet for back: mouth | body: 13 jointed parts | layers: hair=v1.2, body=v1.2, hands=v1.2, eyes=legacy (mapped) | mouth shapes:  | finger frames: 30 segments
frames segments: 30
hand warnings: []
console warn/err: ['error: Failed to load resource: the server responded with a status of 404 (File not found)', 'error: Failed to load resource: the server responded with a status of 404 (File not found)', 'error: Failed to load resource: the server responded with a status of 404 (File not found)']
Traceback (most recent call last):
  File "/workspace/shadowveil/hands/work/idx_test.py", line 51, in <module>
    asyncio.run(main())
    ~~~~~~~~~~~^^^^^^^^
  File "/usr/lib/python3.13/asyncio/runners.py", line 195, in run
    return runner.run(main)
           ~~~~~~~~~~^^^^^^
  File "/usr/lib/python3.13/asyncio/runners.py", line 118, in run
    return self._loop.run_until_complete(task)
           ~~~~~~~~~~~~~~~~~~~~~~~~~~~~~^^^^^^
  File "/usr/lib/python3.13/asyncio/base_events.py", line 725, in run_until_complete
    return future.result()
           ~~~~~~~~~~~~~^^
  File "/workspace/shadowveil/hands/work/idx_test.py", line 46, in main
    r=await pg.evaluate(JS_JOINTS,vv); g=max(x[1] for x in r['j']) if r['j'] else 0; worst=max(worst,g)
      ^^^^^^^^^^^^^^^^^^^^^^^^^^^^^^^
  File "/workspace/.pwenv/lib/python3.13/site-packages/playwright/async_api/_generated.py", line 9421, in evaluate
    await self._impl_obj.evaluate(
        expression=expression, arg=mapping.to_impl(arg)
    )
  File "/workspace/.pwenv/lib/python3.13/site-packages/playwright/_impl/_page.py", line 474, in evaluate
    return await self._main_frame.evaluate(expression, arg)
           ^^^^^^^^^^^^^^^^^^^^^^^^^^^^^^^^^^^^^^^^^^^^^^^^
  File "/workspace/.pwenv/lib/python3.13/site-packages/playwright/_impl/_frame.py", line 346, in evaluate
    await self._channel.send(
    ...<6 lines>...
    )
  File "/workspace/.pwenv/lib/python3.13/site-packages/playwright/_impl/_connection.py", line 76, in send
    return await self._connection.wrap_api_call(
           ^^^^^^^^^^^^^^^^^^^^^^^^^^^^^^^^^^^^^
    ...<3 lines>...
    )
    ^
  File "/workspace/.pwenv/lib/python3.13/site-packages/playwright/_impl/_connection.py", line 632, in wrap_api_call
    raise rewrite_error(error, f"{parsed_st['apiName']}: {error}") from None
playwright._impl._errors.Error: Page.evaluate: TypeError: Cannot read properties of undefined (reading 'dxAtXminus1')
    at render (http://127.0.0.1:9102/rig/index.html?view=back:260:158)
    at eval (eval at evaluate (:311:30), <anonymous>:6:98)
    at UtilityScript.evaluate (<anonymous>:318:18)
    at UtilityScript.<anonymous> (<anonymous>:1:44)
