STATUS: PASS: rest vs base.png, 0 px differ (apose, skin mesh) | layers: hair=v1.2, body=v1.2, hands=v1.2, eyes=v1.2, mouth=v1.2 | mouth shapes: rest, M, smile, OH_half, AA_half, EE_half, OH, AA, EE
warn: [] skin loaded: True useSkin: True
rest seam band (cleared, light, bluish): {'L': (21, 0, 0), 'R': (19, 0, 0)}
rest rest {'L': {'cleared': 0, 'light': 0, 'blue': 0, 'strip_vs_rigid': '0/1222 (mean 0.0)', 'forearm_vs_rigid': '0/782 (mean 0.0)', 'ok': 'PASS'}, 'R': {'cleared': 0, 'light': 0, 'blue': 0, 'strip_vs_rigid': '0/1232 (mean 0.0)', 'forearm_vs_rigid': '0/794 (mean 0.0)', 'ok': 'PASS'}}
rest Fist {'L': {'cleared': 0, 'light': 0, 'blue': 0, 'strip_vs_rigid': '0/1222 (mean 0.0)', 'forearm_vs_rigid': '0/782 (mean 0.0)', 'ok': 'PASS'}, 'R': {'cleared': 0, 'light': 0, 'blue': 0, 'strip_vs_rigid': '0/1232 (mean 0.0)', 'forearm_vs_rigid': '0/794 (mean 0.0)', 'ok': 'PASS'}}
rest Point {'L': {'cleared': 0, 'light': 0, 'blue': 0, 'strip_vs_rigid': '0/1222 (mean 0.0)', 'forearm_vs_rigid': '0/782 (mean 0.0)', 'ok': 'PASS'}, 'R': {'cleared': 0, 'light': 0, 'blue': 0, 'strip_vs_rigid': '0/1232 (mean 0.0)', 'forearm_vs_rigid': '0/794 (mean 0.0)', 'ok': 'PASS'}}
rest Peace {'L': {'cleared': 0, 'light': 0, 'blue': 0, 'strip_vs_rigid': '0/1222 (mean 0.0)', 'forearm_vs_rigid': '0/782 (mean 0.0)', 'ok': 'PASS'}, 'R': {'cleared': 0, 'light': 0, 'blue': 0, 'strip_vs_rigid': '0/1232 (mean 0.0)', 'forearm_vs_rigid': '0/794 (mean 0.0)', 'ok': 'PASS'}}
Shoulder+25 rest {'L': {'cleared': 0, 'light': 0, 'blue': 0, 'strip_vs_rigid': '0/1222 (mean 0.8)', 'forearm_vs_rigid': '0/782 (mean 0.7)', 'ok': 'PASS'}, 'R': {'cleared': 0, 'light': 0, 'blue': 0, 'strip_vs_rigid': '0/1232 (mean 0.7)', 'forearm_vs_rigid': '0/794 (mean 0.6)', 'ok': 'PASS'}}
Shoulder+25 Fist {'L': {'cleared': 0, 'light': 0, 'blue': 0, 'strip_vs_rigid': '0/1222 (mean 0.8)', 'forearm_vs_rigid': '0/782 (mean 0.7)', 'ok': 'PASS'}, 'R': {'cleared': 0, 'light': 0, 'blue': 0, 'strip_vs_rigid': '0/1232 (mean 0.7)', 'forearm_vs_rigid': '0/794 (mean 0.6)', 'ok': 'PASS'}}
Shoulder+25 Point {'L': {'cleared': 0, 'light': 0, 'blue': 0, 'strip_vs_rigid': '0/1222 (mean 0.8)', 'forearm_vs_rigid': '0/782 (mean 0.7)', 'ok': 'PASS'}, 'R': {'cleared': 0, 'light': 0, 'blue': 0, 'strip_vs_rigid': '0/1232 (mean 0.7)', 'forearm_vs_rigid': '0/794 (mean 0.6)', 'ok': 'PASS'}}
Shoulder+25 Peace {'L': {'cleared': 0, 'light': 0, 'blue': 0, 'strip_vs_rigid': '0/1222 (mean 0.8)', 'forearm_vs_rigid': '0/782 (mean 0.7)', 'ok': 'PASS'}, 'R': {'cleared': 0, 'light': 0, 'blue': 0, 'strip_vs_rigid': '0/1232 (mean 0.7)', 'forearm_vs_rigid': '0/794 (mean 0.6)', 'ok': 'PASS'}}
Shoulder-25 rest {'L': {'cleared': 0, 'light': 0, 'blue': 0, 'strip_vs_rigid': '0/1222 (mean 0.8)', 'forearm_vs_rigid': '0/782 (mean 0.8)', 'ok': 'PASS'}, 'R': {'cleared': 0, 'light': 0, 'blue': 0, 'strip_vs_rigid': '0/1232 (mean 0.7)', 'forearm_vs_rigid': '0/794 (mean 0.6)', 'ok': 'PASS'}}
Shoulder-25 Fist {'L': {'cleared': 0, 'light': 0, 'blue': 0, 'strip_vs_rigid': '0/1222 (mean 0.8)', 'forearm_vs_rigid': '0/782 (mean 0.8)', 'ok': 'PASS'}, 'R': {'cleared': 0, 'light': 0, 'blue': 0, 'strip_vs_rigid': '0/1232 (mean 0.7)', 'forearm_vs_rigid': '0/794 (mean 0.6)', 'ok': 'PASS'}}
Shoulder-25 Point {'L': {'cleared': 0, 'light': 0, 'blue': 0, 'strip_vs_rigid': '0/1222 (mean 0.8)', 'forearm_vs_rigid': '0/782 (mean 0.8)', 'ok': 'PASS'}, 'R': {'cleared': 0, 'light': 0, 'blue': 0, 'strip_vs_rigid': '0/1232 (mean 0.7)', 'forearm_vs_rigid': '0/794 (mean 0.6)', 'ok': 'PASS'}}
Shoulder-25 Peace {'L': {'cleared': 0, 'light': 0, 'blue': 0, 'strip_vs_rigid': '0/1222 (mean 0.8)', 'forearm_vs_rigid': '0/782 (mean 0.8)', 'ok': 'PASS'}, 'R': {'cleared': 0, 'light': 0, 'blue': 0, 'strip_vs_rigid': '0/1232 (mean 0.7)', 'forearm_vs_rigid': '0/794 (mean 0.6)', 'ok': 'PASS'}}
Elbow+25 rest {'L': {'cleared': 0, 'light': 0, 'blue': 0, 'strip_vs_rigid': '0/1222 (mean 0.8)', 'forearm_vs_rigid': '0/782 (mean 0.7)', 'ok': 'PASS'}, 'R': {'cleared': 0, 'light': 0, 'blue': 0, 'strip_vs_rigid': '0/1232 (mean 0.6)', 'forearm_vs_rigid': '0/794 (mean 0.6)', 'ok': 'PASS'}}
Elbow+25 Fist {'L': {'cleared': 0, 'light': 0, 'blue': 0, 'strip_vs_rigid': '0/1222 (mean 0.8)', 'forearm_vs_rigid': '0/782 (mean 0.7)', 'ok': 'PASS'}, 'R': {'cleared': 0, 'light': 0, 'blue': 0, 'strip_vs_rigid': '0/1232 (mean 0.6)', 'forearm_vs_rigid': '0/794 (mean 0.6)', 'ok': 'PASS'}}
Elbow+25 Point {'L': {'cleared': 0, 'light': 0, 'blue': 0, 'strip_vs_rigid': '0/1222 (mean 0.8)', 'forearm_vs_rigid': '0/782 (mean 0.7)', 'ok': 'PASS'}, 'R': {'cleared': 0, 'light': 0, 'blue': 0, 'strip_vs_rigid': '0/1232 (mean 0.6)', 'forearm_vs_rigid': '0/794 (mean 0.6)', 'ok': 'PASS'}}
Elbow+25 Peace {'L': {'cleared': 0, 'light': 0, 'blue': 0, 'strip_vs_rigid': '0/1222 (mean 0.8)', 'forearm_vs_rigid': '0/782 (mean 0.7)', 'ok': 'PASS'}, 'R': {'cleared': 0, 'light': 0, 'blue': 0, 'strip_vs_rigid': '0/1232 (mean 0.6)', 'forearm_vs_rigid': '0/794 (mean 0.6)', 'ok': 'PASS'}}
Elbow-25 rest {'L': {'cleared': 0, 'light': 0, 'blue': 0, 'strip_vs_rigid': '0/1222 (mean 0.8)', 'forearm_vs_rigid': '0/782 (mean 0.8)', 'ok': 'PASS'}, 'R': {'cleared': 0, 'light': 0, 'blue': 0, 'strip_vs_rigid': '0/1232 (mean 0.7)', 'forearm_vs_rigid': '0/794 (mean 0.7)', 'ok': 'PASS'}}
Elbow-25 Fist {'L': {'cleared': 0, 'light': 0, 'blue': 0, 'strip_vs_rigid': '0/1222 (mean 0.8)', 'forearm_vs_rigid': '0/782 (mean 0.8)', 'ok': 'PASS'}, 'R': {'cleared': 0, 'light': 0, 'blue': 0, 'strip_vs_rigid': '0/1232 (mean 0.7)', 'forearm_vs_rigid': '0/794 (mean 0.7)', 'ok': 'PASS'}}
Elbow-25 Point {'L': {'cleared': 0, 'light': 0, 'blue': 0, 'strip_vs_rigid': '0/1222 (mean 0.8)', 'forearm_vs_rigid': '0/782 (mean 0.8)', 'ok': 'PASS'}, 'R': {'cleared': 0, 'light': 0, 'blue': 0, 'strip_vs_rigid': '0/1232 (mean 0.7)', 'forearm_vs_rigid': '0/794 (mean 0.7)', 'ok': 'PASS'}}
Elbow-25 Peace {'L': {'cleared': 0, 'light': 0, 'blue': 0, 'strip_vs_rigid': '0/1222 (mean 0.8)', 'forearm_vs_rigid': '0/782 (mean 0.8)', 'ok': 'PASS'}, 'R': {'cleared': 0, 'light': 0, 'blue': 0, 'strip_vs_rigid': '0/1232 (mean 0.7)', 'forearm_vs_rigid': '0/794 (mean 0.7)', 'ok': 'PASS'}}
Sh+El+25 rest {'L': {'cleared': 0, 'light': 0, 'blue': 0, 'strip_vs_rigid': '0/1222 (mean 0.8)', 'forearm_vs_rigid': '0/782 (mean 0.7)', 'ok': 'PASS'}, 'R': {'cleared': 0, 'light': 0, 'blue': 0, 'strip_vs_rigid': '0/1232 (mean 0.7)', 'forearm_vs_rigid': '0/794 (mean 0.6)', 'ok': 'PASS'}}
Sh+El+25 Fist {'L': {'cleared': 0, 'light': 0, 'blue': 0, 'strip_vs_rigid': '0/1222 (mean 0.8)', 'forearm_vs_rigid': '0/782 (mean 0.7)', 'ok': 'PASS'}, 'R': {'cleared': 0, 'light': 0, 'blue': 0, 'strip_vs_rigid': '0/1232 (mean 0.7)', 'forearm_vs_rigid': '0/794 (mean 0.6)', 'ok': 'PASS'}}
Sh+El+25 Point {'L': {'cleared': 0, 'light': 0, 'blue': 0, 'strip_vs_rigid': '0/1222 (mean 0.8)', 'forearm_vs_rigid': '0/782 (mean 0.7)', 'ok': 'PASS'}, 'R': {'cleared': 0, 'light': 0, 'blue': 0, 'strip_vs_rigid': '0/1232 (mean 0.7)', 'forearm_vs_rigid': '0/794 (mean 0.6)', 'ok': 'PASS'}}
Sh+El+25 Peace {'L': {'cleared': 0, 'light': 0, 'blue': 0, 'strip_vs_rigid': '0/1222 (mean 0.8)', 'forearm_vs_rigid': '0/782 (mean 0.7)', 'ok': 'PASS'}, 'R': {'cleared': 0, 'light': 0, 'blue': 0, 'strip_vs_rigid': '0/1232 (mean 0.7)', 'forearm_vs_rigid': '0/794 (mean 0.6)', 'ok': 'PASS'}}
Sh+El-25 rest {'L': {'cleared': 0, 'light': 0, 'blue': 0, 'strip_vs_rigid': '0/1222 (mean 0.8)', 'forearm_vs_rigid': '0/782 (mean 0.7)', 'ok': 'PASS'}, 'R': {'cleared': 0, 'light': 0, 'blue': 0, 'strip_vs_rigid': '0/1232 (mean 0.7)', 'forearm_vs_rigid': '0/794 (mean 0.6)', 'ok': 'PASS'}}
Sh+El-25 Fist {'L': {'cleared': 0, 'light': 0, 'blue': 0, 'strip_vs_rigid': '0/1222 (mean 0.8)', 'forearm_vs_rigid': '0/782 (mean 0.7)', 'ok': 'PASS'}, 'R': {'cleared': 0, 'light': 0, 'blue': 0, 'strip_vs_rigid': '0/1232 (mean 0.7)', 'forearm_vs_rigid': '0/794 (mean 0.6)', 'ok': 'PASS'}}
Sh+El-25 Point {'L': {'cleared': 0, 'light': 0, 'blue': 0, 'strip_vs_rigid': '0/1222 (mean 0.8)', 'forearm_vs_rigid': '0/782 (mean 0.7)', 'ok': 'PASS'}, 'R': {'cleared': 0, 'light': 0, 'blue': 0, 'strip_vs_rigid': '0/1232 (mean 0.7)', 'forearm_vs_rigid': '0/794 (mean 0.6)', 'ok': 'PASS'}}
Sh+El-25 Peace {'L': {'cleared': 0, 'light': 0, 'blue': 0, 'strip_vs_rigid': '0/1222 (mean 0.8)', 'forearm_vs_rigid': '0/782 (mean 0.7)', 'ok': 'PASS'}, 'R': {'cleared': 0, 'light': 0, 'blue': 0, 'strip_vs_rigid': '0/1232 (mean 0.7)', 'forearm_vs_rigid': '0/794 (mean 0.6)', 'ok': 'PASS'}}
ALLPASS True
console: ['[.WebGL-0x49400170400]GL Driver Message (OpenGL, Performance, GL_CLOSE_PATH_NV, High): GPU stall due to ReadPixels', '[.WebGL-0x49400170400]GL Driver Message (OpenGL, Performance, GL_CLOSE_PATH_NV, High): GPU stall due to ReadPixels', '[.WebGL-0x49400170400]GL Driver Message (OpenGL, Performance, GL_CLOSE_PATH_NV, High): GPU stall due to ReadPixels', '[.WebGL-0x49400170400]GL Driver Message (OpenGL, Performance, GL_CLOSE_PATH_NV, High): GPU stall due to ReadPixels (this message will no longer repeat)']
