apose f0 apose f30 apose f60 apose f90 apose f120 apose f150 apose f180 apose f210 
apose done; guard errs 0 issues 0 holds 1 2083.3
tpose f0 tpose f30 tpose f60 tpose f90 tpose f120 tpose f150 tpose f180 tpose f210 
tpose done; guard errs 0 issues 0 holds 1 2083.3
left f0 left f30 left f60 left f90 left f120 left f150 left f180 left f210 
left done; guard errs 0 issues 0 holds 1 2083.3
right f0 right f30 right f60 right f90 right f120 right f150 right f180 right f210 
right done; guard errs 0 issues 0 holds 1 2083.3
back f0 back f30 back f60 back f90 back f120 back f150 back f180 back f210 
back done; guard errs 0 issues 0 holds 0 -
apose f0 apose f30 apose f60 apose f90 apose f120 apose f150 apose f180 apose f210 
apose done; guard errs 0 issues 0 holds 1 2083.3
tpose f0 tpose f30 tpose f60 tpose f90 tpose f120 tpose f150 tpose f180 tpose f210 
tpose done; guard errs 0 issues 0 holds 1 2083.3
left f0 left f30 left f60 left f90 left f120 left f150 left f180 left f210 
left done; guard errs 0 issues 0 holds 1 2083.3
right f0 right f30 right f60 right f90 right f120 right f150 right f180 right f210 
right done; guard errs 0 issues 0 holds 1 2083.3
back f0 back f30 back f60 back f90 back f120 back f150 back f180 back f210 
back done; guard errs 0 issues 0 holds 0 -
apose f0 apose f30 apose f60 apose f90 apose f120 apose f150 apose f180 apose f210 
apose done; guard errs 0 issues 0 holds 1 2083.3
tpose f0 tpose f30 tpose f60 tpose f90 tpose f120 tpose f150 tpose f180 tpose f210 
tpose done; guard errs 0 issues 0 holds 1 2083.3
left f0 left f30 left f60 left f90 left f120 left f150 left f180 left f210 
left done; guard errs 0 issues 0 holds 1 2083.3
right f0 right f30 right f60 right f90 right f120 right f150 right f180 right f210 
right done; guard errs 0 issues 0 holds 1 2083.3
back f0 back f30 back f60 back f90 back f120 back f150 back f180 back f210 
back done; guard errs 0 issues 0 holds 0 -
ALLDONE
