apose {'head': (239, 1185, 21, 11), 'hair_cut': (239, 544, 104, 11), 'wisp': (0, 0, 0, 0), 'hair_other': (228, 273, 115, 0), 'nonhair': (233, 433, 101, 5), 'full': (128, 3, 129, 9), 'full_hair': (128, 3, 129, 9)} minA wisp/cut 255 0
tpose {'head': (239, 1693, 183, 11), 'hair_cut': (239, 515, 183, 11), 'wisp': (228, 54, 20, 0), 'hair_other': (239, 268, 49, 11), 'nonhair': (233, 961, 204, 5), 'full': (11, 2, 59, 0), 'full_hair': (11, 2, 59, 0)} minA wisp/cut 184 0
left {'head': (239, 1066, 19, 11), 'hair_cut': (239, 401, 156, 11), 'wisp': (0, 0, 0, 0), 'hair_other': (239, 339, 87, 11), 'nonhair': (233, 474, 4, 5), 'full': (20, 3, 47, 0), 'full_hair': (20, 3, 47, 0)} minA wisp/cut 255 0
right {'head': (239, 1085, 119, 11), 'hair_cut': (239, 416, 87, 11), 'wisp': (0, 0, 0, 0), 'hair_other': (239, 339, 50, 11), 'nonhair': (233, 473, 239, 5), 'full': (0, 0, 0, 0), 'full_hair': (0, 0, 0, 0)} minA wisp/cut 255 3
back {'head': (239, 1270, 116, 11), 'hair_cut': (239, 524, 116, 11), 'wisp': (0, 0, 0, 0), 'hair_other': (238, 286, 49, 10), 'nonhair': (228, 531, 101, 0), 'full': (11, 1, 59, 5), 'full_hair': (11, 1, 59, 5)} minA wisp/cut 255 0
apose_hair_stiff {'head': (240, 1184, 90, 12), 'hair_cut': (240, 546, 100, 12), 'wisp': (0, 0, 0, 0), 'hair_other': (228, 273, 115, 0), 'nonhair': (233, 433, 101, 5), 'full': (126, 3, 129, 5), 'full_hair': (126, 3, 129, 5)} minA wisp/cut 255 0
apose_hair_middle {'head': (240, 1186, 89, 12), 'hair_cut': (240, 545, 100, 12), 'wisp': (0, 0, 0, 0), 'hair_other': (228, 273, 115, 0), 'nonhair': (233, 433, 101, 5), 'full': (126, 3, 129, 5), 'full_hair': (126, 3, 129, 5)} minA wisp/cut 255 0
keys_idle_breathe_apose {'head': (238, 1253, 73, 10), 'hair_cut': (238, 587, 12, 10), 'wisp': (0, 0, 0, 0), 'hair_other': (228, 298, 37, 0), 'nonhair': (232, 441, 87, 4), 'full': (81, 3, 124, 4), 'full_hair': (81, 3, 124, 4)} minA wisp/cut 255 0
keys_idle_breathe_tpose {'head': (238, 1875, 34, 10), 'hair_cut': (238, 518, 15, 10), 'wisp': (228, 54, 15, 0), 'hair_other': (237, 282, 185, 9), 'nonhair': (232, 1055, 38, 4), 'full': (16, 2, 50, 0), 'full_hair': (16, 2, 50, 0)} minA wisp/cut 185 0
keys_idle_breathe_left {'head': (237, 1143, 171, 9), 'hair_cut': (237, 394, 46, 9), 'wisp': (0, 0, 0, 0), 'hair_other': (237, 372, 171, 9), 'nonhair': (232, 474, 50, 4), 'full': (12, 2, 46, 0), 'full_hair': (12, 2, 46, 0)} minA wisp/cut 255 0
keys_idle_breathe_right {'head': (236, 1259, 171, 8), 'hair_cut': (236, 416, 85, 8), 'wisp': (0, 0, 0, 0), 'hair_other': (236, 390, 179, 8), 'nonhair': (232, 514, 14, 4), 'full': (20, 1, 12, 0), 'full_hair': (0, 0, 0, 0)} minA wisp/cut 255 11
keys_idle_breathe_back {'head': (237, 1309, 77, 9), 'hair_cut': (237, 560, 77, 9), 'wisp': (0, 0, 0, 0), 'hair_other': (236, 278, 46, 8), 'nonhair': (229, 558, 170, 1), 'full': (18, 3, 48, 1), 'full_hair': (18, 3, 48, 1)} minA wisp/cut 255 0
keys_idle_weight_shift_apose {'head': (240, 1253, 4, 0), 'hair_cut': (240, 574, 5, 0), 'wisp': (0, 0, 0, 0), 'hair_other': (240, 270, 11, 0), 'nonhair': (240, 433, 143, 0), 'full': (183, 5, 52, 0), 'full_hair': (181, 4, 49, 0)} minA wisp/cut 255 0
keys_idle_weight_shift_tpose {'head': (240, 1966, 187, 0), 'hair_cut': (240, 509, 11, 0), 'wisp': (240, 54, 2, 0), 'hair_other': (240, 459, 187, 0), 'nonhair': (240, 1023, 180, 0), 'full': (180, 31, 187, 0), 'full_hair': (97, 6, 190, 0)} minA wisp/cut 185 0
keys_idle_weight_shift_left {'head': (240, 1263, 156, 0), 'hair_cut': (240, 399, 198, 0), 'wisp': (0, 0, 0, 0), 'hair_other': (240, 387, 25, 0), 'nonhair': (240, 533, 22, 0), 'full': (83, 3, 53, 0), 'full_hair': (82, 3, 53, 0)} minA wisp/cut 255 0
keys_idle_weight_shift_right {'head': (240, 1288, 39, 0), 'hair_cut': (240, 415, 81, 0), 'wisp': (0, 0, 0, 0), 'hair_other': (240, 399, 30, 0), 'nonhair': (240, 510, 71, 0), 'full': (34, 1, 10, 0), 'full_hair': (2, 1, 36, 0)} minA wisp/cut 255 0
keys_idle_weight_shift_back {'head': (240, 1586, 182, 0), 'hair_cut': (240, 593, 175, 0), 'wisp': (0, 0, 0, 0), 'hair_other': (240, 375, 180, 0), 'nonhair': (240, 641, 182, 0), 'full': (113, 18, 188, 0), 'full_hair': (113, 14, 181, 0)} minA wisp/cut 255 0
keys_idle_arm_settle_apose {'head': (240, 1267, 174, 8), 'hair_cut': (240, 592, 174, 8), 'wisp': (0, 0, 0, 0), 'hair_other': (232, 296, 87, 0), 'nonhair': (240, 440, 57, 8), 'full': (174, 17, 63, 7), 'full_hair': (147, 5, 123, 7)} minA wisp/cut 255 0
keys_idle_arm_settle_tpose {'head': (240, 2603, 174, 8), 'hair_cut': (240, 518, 175, 8), 'wisp': (232, 54, 2, 0), 'hair_other': (240, 287, 10, 8), 'nonhair': (240, 1899, 171, 8), 'full': (220, 680, 171, 8), 'full_hair': (24, 2, 55, 6)} minA wisp/cut 184 0
keys_idle_arm_settle_left {'head': (240, 1121, 55, 8), 'hair_cut': (239, 393, 53, 7), 'wisp': (0, 0, 0, 0), 'hair_other': (239, 343, 87, 7), 'nonhair': (240, 535, 172, 8), 'full': (57, 4, 121, 1), 'full_hair': (45, 3, 42, 1)} minA wisp/cut 255 0
keys_idle_arm_settle_right {'head': (240, 1161, 132, 8), 'hair_cut': (240, 418, 84, 8), 'wisp': (0, 0, 0, 0), 'hair_other': (240, 365, 54, 8), 'nonhair': (240, 502, 96, 8), 'full': (6, 1, 1, 0), 'full_hair': (0, 0, 0, 0)} minA wisp/cut 255 4
keys_idle_arm_settle_back {'head': (240, 1302, 93, 8), 'hair_cut': (240, 556, 93, 8), 'wisp': (0, 0, 0, 0), 'hair_other': (238, 278, 157, 6), 'nonhair': (240, 554, 40, 8), 'full': (25, 2, 165, 5), 'full_hair': (25, 2, 165, 5)} minA wisp/cut 255 0
