tpose f0 tpose f30 tpose f60 tpose f90 tpose f120 file:///workspace/jt/node_modules/puppeteer-core/lib/esm/puppeteer/common/CallbackRegistry.js:77
            this._reject(callback, new TargetCloseError('Target closed'));
                                   ^

TargetCloseError: Protocol error (Runtime.callFunctionOn): Target closed
    at CallbackRegistry.clear (file:///workspace/jt/node_modules/puppeteer-core/lib/esm/puppeteer/common/CallbackRegistry.js:77:36)
    at CdpCDPSession._onClosed (file:///workspace/jt/node_modules/puppeteer-core/lib/esm/puppeteer/cdp/CDPSession.js:105:25)
    at #onClose (file:///workspace/jt/node_modules/puppeteer-core/lib/esm/puppeteer/cdp/Connection.js:171:21)
    at WebSocket.<anonymous> (file:///workspace/jt/node_modules/puppeteer-core/lib/esm/puppeteer/node/NodeWebSocketTransport.js:43:30)
    at callListener (/workspace/jt/node_modules/ws/lib/event-target.js:290:14)
    at WebSocket.onClose (/workspace/jt/node_modules/ws/lib/event-target.js:220:9)
    at WebSocket.emit (node:events:524:28)
    at WebSocket.emitClose (/workspace/jt/node_modules/ws/lib/websocket.js:292:10)
    at Socket.socketOnClose (/workspace/jt/node_modules/ws/lib/websocket.js:1374:15)
    at Socket.emit (node:events:524:28) {
  cause: ProtocolError
      at <instance_members_initializer> (file:///workspace/jt/node_modules/puppeteer-core/lib/esm/puppeteer/common/CallbackRegistry.js:97:14)
      at new Callback (file:///workspace/jt/node_modules/puppeteer-core/lib/esm/puppeteer/common/CallbackRegistry.js:101:16)
      at CallbackRegistry.create (file:///workspace/jt/node_modules/puppeteer-core/lib/esm/puppeteer/common/CallbackRegistry.js:20:26)
      at Connection._rawSend (file:///workspace/jt/node_modules/puppeteer-core/lib/esm/puppeteer/cdp/Connection.js:89:26)
      at CdpCDPSession.send (file:///workspace/jt/node_modules/puppeteer-core/lib/esm/puppeteer/cdp/CDPSession.js:65:33)
      at #evaluate (file:///workspace/jt/node_modules/puppeteer-core/lib/esm/puppeteer/cdp/ExecutionContext.js:360:50)
      at ExecutionContext.evaluate (file:///workspace/jt/node_modules/puppeteer-core/lib/esm/puppeteer/cdp/ExecutionContext.js:275:36)
      at IsolatedWorld.evaluate (file:///workspace/jt/node_modules/puppeteer-core/lib/esm/puppeteer/cdp/IsolatedWorld.js:97:30)
      at CdpFrame.evaluate (file:///workspace/jt/node_modules/puppeteer-core/lib/esm/puppeteer/api/Frame.js:345:43)
      at CdpFrame.<anonymous> (file:///workspace/jt/node_modules/puppeteer-core/lib/esm/puppeteer/util/decorators.js:101:27)
}

Node.js v20.19.2
